C51 COMPILER V9.60.0.0   INIT                                                              01/02/2020 17:26:19 PAGE 1   


C51 COMPILER V9.60.0.0, COMPILATION OF MODULE INIT
OBJECT MODULE PLACED IN init.OBJ
COMPILER INVOKED BY: D:\keil_C51\C51\BIN\C51.EXE init.c OPTIMIZE(8,SPEED) BROWSE DEBUG OBJECTEXTEND TABS(2)

line level    source

   1          #define __init_c
   2          #include "includeAll.h"
   3          //=============================================================================
   4          void SysInit() {
   5   1        F_clearWDT();
   6   1        //鏃堕挓鍒濆?嬪寲
   7   1        CLKCON = 0x03; // Clock div 1  7.3728Mhz
   8   1        STPPCK = 0;
   9   1        STPFCK = 0;
  10   1        _nop_();
  11   1        _nop_();
  12   1        _nop_();
  13   1        _nop_();
  14   1        _nop_();
  15   1        SELFCK = 1;
  16   1        _nop_();
  17   1        _nop_();
  18   1        _nop_();
  19   1        _nop_();
  20   1        _nop_();
  21   1        _nop_();
  22   1        _nop_();
  23   1        _nop_();
  24   1        _nop_();
  25   1        _nop_();
  26   1        // IO 妯″紡鍒濆?嬪寲
  27   1        P1MODL = 0xaa;    //灏嗘ā寮忕疆涓烘帹鎸借緭鍑?
  28   1        P1MODH = 0xaa;
  29   1        //P1MODL = 0xa8;    //灏嗘ā寮忕疆涓轰笂鎷夎緭鍏?
  30   1        P1_2 = 1;
  31   1      
  32   1        smg_init();
  33   1        
  34   1        //T2鍒濆?嬪寲
  35   1        TH2 = (65536 - 3686) / 256;
  36   1        RCP2H = TH2;
  37   1        TL2 = (65536 - 3686) % 256;
  38   1        RCP2L = TL2;
  39   1        TR2 = 1;
  40   1        ET2 = 1;
  41   1        EA = 1; 
  42   1      }
  43          //=============================================================================
  44          void VarsInit() {}
  45          
  46          /*数码管初始化，将a~dg设为推挽输出*/
  47          void smg_init(){
  48   1        /*a 1.4 || d 1.7 */
  49   1        P1MODH &= 0x3c;
  50   1        P1MODH |= 0x82;
  51   1        /*b 3.4 || c 3.5 || e 3.6*/
  52   1        P3MODH &= 0x00;
  53   1        P3MODH |= 0x2a;
  54   1        /*f 1.2||dg 1.3 */
  55   1        P1MODL &= 0x0f;
C51 COMPILER V9.60.0.0   INIT                                                              01/02/2020 17:26:19 PAGE 2   

  56   1        P1MODL |= 0xa0;
  57   1        /*g 3.2*/
  58   1        P3MODL &= 0xcf;
  59   1        P3MODL |= 0x20;
  60   1      }


MODULE INFORMATION:   STATIC OVERLAYABLE
   CODE SIZE        =     82    ----
   CONSTANT SIZE    =   ----    ----
   XDATA SIZE       =   ----    ----
   PDATA SIZE       =   ----    ----
   DATA SIZE        =   ----    ----
   IDATA SIZE       =   ----    ----
   BIT SIZE         =   ----    ----
END OF MODULE INFORMATION.


C51 COMPILATION COMPLETE.  0 WARNING(S),  0 ERROR(S)
